// Jest Snapshot v1, https://goo.gl/fbAQLP

exports[`Logger should log a simple message properly 1`] = `"15:05:20.389 [TRACE] Trace message"`;

exports[`Logger should log a simple message properly 2`] = `"15:05:20.389 [DEBUG] Debug message"`;

exports[`Logger should log a simple message properly 3`] = `"15:05:20.389 [INFO]  Info message"`;

exports[`Logger should log a simple message properly 4`] = `"15:05:20.389 [LOG]   Log message"`;

exports[`Logger should log a simple message properly 5`] = `"15:05:20.389 [WARN]  Warn message"`;

exports[`Logger should log a simple message properly 6`] = `"15:05:20.389 [ERROR] Error message"`;

exports[`Logger should log with a context 1`] = `"15:05:20.389 [TRACE] [main]               Trace message"`;

exports[`Logger should log with a context 2`] = `"15:05:20.389 [DEBUG] [main]               Debug message"`;

exports[`Logger should log with a context 3`] = `"15:05:20.389 [INFO]  [main]               Info message"`;

exports[`Logger should log with a context 4`] = `"15:05:20.389 [LOG]   [main]               Log message"`;

exports[`Logger should log with a context 5`] = `"15:05:20.389 [WARN]  [main]               Warn message"`;

exports[`Logger should log with a context 6`] = `"15:05:20.389 [ERROR] [main]               Error message"`;
